// Jest Snapshot v1, https://goo.gl/fbAQLP

exports[`renders correctly 1`] = `
<View>
  <Image
    resizeMode="contain"
    source={1}
    style={
      Object {
        "height": 220,
        "width": 750,
      }
    }
  />
  <Text
    accessible={true}
    allowFontScaling={true}
    disabled={false}
    ellipsizeMode="tail"
    style={
      Object {
        "fontFamily": "AlegreyaSansSC-Light",
        "fontSize": 26,
        "marginBottom": -4,
        "marginLeft": 10,
        "marginTop": 6,
      }
    }
  >
    Guacamole
  </Text>
  <Text
    accessible={true}
    allowFontScaling={true}
    disabled={false}
    ellipsizeMode="tail"
    style={
      Object {
        "fontFamily": "AlegreyaSansSC-Regular",
        "fontSize": 14,
        "marginLeft": 10,
      }
    }
  >
    Lorem ipsum
  </Text>
  <Text
    accessible={true}
    allowFontScaling={true}
    disabled={false}
    ellipsizeMode="tail"
    style={
      Object {
        "fontFamily": "AlegreyaSansSC-Medium",
        "fontSize": 28,
        "marginBottom": 10,
        "marginLeft": 10,
      }
    }
  >
    $4.99
  </Text>
</View>
`;
